============================= test session starts =============================
platform win32 -- Python 3.11.6, pytest-9.0.2, pluggy-1.6.0 -- C:\Users\ёт Єюёырт\PycharmProjects\Telegram_BOT\.venv\Scripts\python.exe
cachedir: .pytest_cache
rootdir: C:\Users\ёт Єюёырт\PycharmProjects\Telegram_BOT
plugins: asyncio-1.3.0
asyncio: mode=Mode.STRICT, debug=False, asyncio_default_fixture_loop_scope=None, asyncio_default_test_loop_scope=function
collecting ... collected 15 items

test/test_handlers.py::test_cmd_start_sends_welcome_message PASSED       [  6%]
test/test_handlers.py::test_cmd_help_sends_help_message PASSED           [ 13%]
test/test_handlers.py::test_format_tasks_list_single_task PASSED         [ 20%]
test/test_handlers.py::test_mark_task_done_success PASSED                [ 26%]
test/test_handlers.py::test_mark_task_done_invalid_id PASSED             [ 33%]
test/test_handlers.py::test_delete_task_success PASSED                   [ 40%]
test/test_handlers.py::test_delete_wrong_id PASSED                       [ 46%]
test/test_handlers.py::test_delete_task_invalid_format PASSED            [ 53%]
test/test_handlers.py::test_format_tasks_list_with_deadline PASSED       [ 60%]
test/test_handlers.py::test_main_menu_button PASSED                      [ 66%]
test/test_handlers.py::test_list_tasks_empty PASSED                      [ 73%]
test/test_handlers.py::test_tasks_today_empty PASSED                     [ 80%]
test/test_handlers.py::test_stats_inline PASSED                          [ 86%]
test/test_handlers.py::test_cancel_task_creation PASSED                  [ 93%]
test/test_handlers.py::test_category_already_exists PASSED               [100%]

============================= 15 passed in 2.81s ==============================
